// Vitest Snapshot v1, https://vitest.dev/guide/snapshot.html

exports[`appDrawer > renders properly 1`] = `
"<template>
  <div class="card flex absolute">
    <drawer-stub visible="false"></drawer-stub>
    <button-stub data-testid="open-drawer-button" class="top-3 start-2" icon="pi pi-bars" variant="outlined"></button-stub>
  </div>
</template>"
`;
